Database Health Check: db.example.com/production

CONFIGS
───────
[FAIL] Backups (no-backups)
  no backups configured
[WARN] Minor Version (minor-version)
  outdated minor version
[SKIP] Replication Slots (replication-slots) — permission denied

━━━━━━━━━━━━━━━━━━━━━━━━━━━━━━━━━━━━━━━━━━━━━━━━━━━━━━━━━━━━━━━━━━━━━━
Summary: 1 failures, 1 warnings, 1 passed, 1 skipped (4 checks in 2.0s)

To see more: pgdoctor run ... --detail verbose
To see how to fix: pgdoctor explain <check-id>

